<?xml version="1.0" encoding="UTF-8"?>
<testsuites tests="0" failures="0" errors="2" time="2.109893">
	<testsuite tests="0" failures="0" time="0.000000" name="github.com/OctopusSolutionsEngineering/OctopusSubscriptionListener/internal/application/lambda" timestamp="2023-09-20T11:02:58+10:00">
		<properties>
			<property name="go.version" value="go1.20.1 linux/amd64"></property>
		</properties>
	</testsuite>
	<testsuite tests="0" failures="0" time="0.000000" name="github.com/OctopusSolutionsEngineering/OctopusSubscriptionListener/internal/application/web" timestamp="2023-09-20T11:02:58+10:00">
		<properties>
			<property name="go.version" value="go1.20.1 linux/amd64"></property>
		</properties>
	</testsuite>
	<testsuite tests="0" failures="0" time="0.000000" name="github.com/OctopusSolutionsEngineering/OctopusSubscriptionListener/internal/domain/events" timestamp="2023-09-20T11:02:58+10:00">
		<properties>
			<property name="go.version" value="go1.20.1 linux/amd64"></property>
		</properties>
	</testsuite>
	<testsuite tests="0" failures="0" time="0.000000" name="github.com/OctopusSolutionsEngineering/OctopusSubscriptionListener/internal/domain/handlers" timestamp="2023-09-20T11:02:58+10:00">
		<properties>
			<property name="go.version" value="go1.20.1 linux/amd64"></property>
		</properties>
	</testsuite>
	<testsuite tests="0" failures="0" time="0.000000" name="github.com/OctopusSolutionsEngineering/OctopusSubscriptionListener/internal/domain/logger" timestamp="2023-09-20T11:02:58+10:00">
		<properties>
			<property name="go.version" value="go1.20.1 linux/amd64"></property>
		</properties>
	</testsuite>
	<testsuite tests="0" failures="0" time="0.000000" name="github.com/OctopusSolutionsEngineering/OctopusSubscriptionListener/internal/domain/slack" timestamp="2023-09-20T11:02:58+10:00">
		<properties>
			<property name="go.version" value="go1.20.1 linux/amd64"></property>
		</properties>
	</testsuite>
	<testsuite tests="0" failures="0" time="0.000000" name="github.com/OctopusSolutionsEngineering/OctopusSubscriptionListener/internal/interface/octopus" timestamp="2023-09-20T11:02:58+10:00">
		<properties>
			<property name="go.version" value="go1.20.1 linux/amd64"></property>
		</properties>
	</testsuite>
</testsuites>